[    0.000000] Linux version 4.15.0-204-generic (buildd@lcy02-amd64-030) (gcc version 7.5.0 (Ubuntu 7.5.0-3ubuntu1~18.04)) #215-Ubuntu SMP Fri Jan 20 18:24:59 UTC 2023 (Ubuntu 4.15.0-204.215-generic 4.15.18)
[    0.000000] Command line: BOOT_IMAGE=/boot/vmlinuz-4.15.0-204-generic root=LABEL=cloudimg-rootfs ro console=tty1 console=ttyS0
[    0.000000] KERNEL supported cpus:
[    0.000000]   Intel GenuineIntel
[    0.000000]   AMD AuthenticAMD
[    0.000000]   Centaur CentaurHauls
[    0.000000] [Firmware Bug]: TSC doesn't count with P0 frequency!
[    0.000000] x86/fpu: Supporting XSAVE feature 0x001: 'x87 floating point registers'
[    0.000000] x86/fpu: Supporting XSAVE feature 0x002: 'SSE registers'
[    0.000000] x86/fpu: Supporting XSAVE feature 0x004: 'AVX registers'
[    0.000000] x86/fpu: xstate_offset[2]:  576, xstate_sizes[2]:  256
[    0.000000] x86/fpu: Enabled xstate features 0x7, context size is 832 bytes, using 'standard' format.
[    0.000000] e820: BIOS-provided physical RAM map:
[    0.000000] BIOS-e820: [mem 0x0000000000000000-0x000000000009fbff] usable
[    0.000000] BIOS-e820: [mem 0x000000000009fc00-0x000000000009ffff] reserved
[    0.000000] BIOS-e820: [mem 0x00000000000f0000-0x00000000000fffff] reserved
[    0.000000] BIOS-e820: [mem 0x0000000000100000-0x000000003ffeffff] usable
[    0.000000] BIOS-e820: [mem 0x000000003fff0000-0x000000003fffffff] ACPI data
[    0.000000] BIOS-e820: [mem 0x00000000fec00000-0x00000000fec00fff] reserved
[    0.000000] BIOS-e820: [mem 0x00000000fee00000-0x00000000fee00fff] reserved
[    0.000000] BIOS-e820: [mem 0x00000000fffc0000-0x00000000ffffffff] reserved
[    0.000000] NX (Execute Disable) protection: active
[    0.000000] SMBIOS 2.5 present.
[    0.000000] DMI: innotek GmbH VirtualBox/VirtualBox, BIOS VirtualBox 12/01/2006
[    0.000000] Hypervisor detected: KVM
[    0.000000] e820: last_pfn = 0x3fff0 max_arch_pfn = 0x400000000
[    0.000000] MTRR: Disabled
[    0.000000] x86/PAT: MTRRs disabled, skipping PAT initialization too.
[    0.000000] CPU MTRRs all blank - virtualized system.
[    0.000000] x86/PAT: Configuration [0-7]: WB  WT  UC- UC  WB  WT  UC- UC  
[    0.000000] found SMP MP-table at [mem 0x0009fff0-0x0009ffff]
[    0.000000] Scanning 1 areas for low memory corruption
[    0.000000] RAMDISK: [mem 0x359c9000-0x36cdbfff]
[    0.000000] ACPI: Early table checksum verification disabled
[    0.000000] ACPI: RSDP 0x00000000000E0000 000024 (v02 VBOX  )
[    0.000000] ACPI: XSDT 0x000000003FFF0030 00003C (v01 VBOX   VBOXXSDT 00000001 ASL  00000061)
[    0.000000] ACPI: FACP 0x000000003FFF00F0 0000F4 (v04 VBOX   VBOXFACP 00000001 ASL  00000061)
[    0.000000] ACPI: DSDT 0x000000003FFF0470 002325 (v02 VBOX   VBOXBIOS 00000002 INTL 20100528)
[    0.000000] ACPI: FACS 0x000000003FFF0200 000040
[    0.000000] ACPI: FACS 0x000000003FFF0200 000040
[    0.000000] ACPI: APIC 0x000000003FFF0240 00005C (v02 VBOX   VBOXAPIC 00000001 ASL  00000061)
[    0.000000] ACPI: SSDT 0x000000003FFF02A0 0001CC (v01 VBOX   VBOXCPUT 00000002 INTL 20100528)
[    0.000000] ACPI: Reserving FACP table memory at [mem 0x3fff00f0-0x3fff01e3]
[    0.000000] ACPI: Reserving DSDT table memory at [mem 0x3fff0470-0x3fff2794]
[    0.000000] ACPI: Reserving FACS table memory at [mem 0x3fff0200-0x3fff023f]
[    0.000000] ACPI: Reserving FACS table memory at [mem 0x3fff0200-0x3fff023f]
[    0.000000] ACPI: Reserving APIC table memory at [mem 0x3fff0240-0x3fff029b]
[    0.000000] ACPI: Reserving SSDT table memory at [mem 0x3fff02a0-0x3fff046b]
[    0.000000] No NUMA configuration found
[    0.000000] Faking a node at [mem 0x0000000000000000-0x000000003ffeffff]
[    0.000000] NODE_DATA(0) allocated [mem 0x3ffc5000-0x3ffeffff]
[    0.000000] kvm-clock: cpu 0, msr 0:3ff44001, primary cpu clock
[    0.000000] kvm-clock: Using msrs 4b564d01 and 4b564d00
[    0.000000] kvm-clock: using sched offset of 3976227640 cycles
[    0.000000] clocksource: kvm-clock: mask: 0xffffffffffffffff max_cycles: 0x1cd42e4dffb, max_idle_ns: 881590591483 ns
[    0.000000] Zone ranges:
[    0.000000]   DMA      [mem 0x0000000000001000-0x0000000000ffffff]
[    0.000000]   DMA32    [mem 0x0000000001000000-0x000000003ffeffff]
[    0.000000]   Normal   empty
[    0.000000]   Device   empty
[    0.000000] Movable zone start for each node
[    0.000000] Early memory node ranges
[    0.000000]   node   0: [mem 0x0000000000001000-0x000000000009efff]
[    0.000000]   node   0: [mem 0x0000000000100000-0x000000003ffeffff]
[    0.000000] Reserved but unavailable: 104 pages
[    0.000000] Initmem setup node 0 [mem 0x0000000000001000-0x000000003ffeffff]
[    0.000000] ACPI: PM-Timer IO Port: 0x4008
[    0.000000] IOAPIC[0]: apic_id 2, version 32, address 0xfec00000, GSI 0-23
[    0.000000] ACPI: INT_SRC_OVR (bus 0 bus_irq 0 global_irq 2 dfl dfl)
[    0.000000] ACPI: INT_SRC_OVR (bus 0 bus_irq 9 global_irq 9 low level)
[    0.000000] Using ACPI (MADT) for SMP configuration information
[    0.000000] smpboot: Allowing 2 CPUs, 0 hotplug CPUs
[    0.000000] PM: Registered nosave memory: [mem 0x00000000-0x00000fff]
[    0.000000] PM: Registered nosave memory: [mem 0x0009f000-0x0009ffff]
[    0.000000] PM: Registered nosave memory: [mem 0x000a0000-0x000effff]
[    0.000000] PM: Registered nosave memory: [mem 0x000f0000-0x000fffff]
[    0.000000] e820: [mem 0x40000000-0xfebfffff] available for PCI devices
[    0.000000] Booting paravirtualized kernel on KVM
[    0.000000] clocksource: refined-jiffies: mask: 0xffffffff max_cycles: 0xffffffff, max_idle_ns: 7645519600211568 ns
[    0.000000] setup_percpu: NR_CPUS:8192 nr_cpumask_bits:2 nr_cpu_ids:2 nr_node_ids:1
[    0.000000] percpu: Embedded 50 pages/cpu s167936 r8192 d28672 u1048576
[    0.000000] PV qspinlock hash table entries: 256 (order: 0, 4096 bytes)
[    0.000000] Built 1 zonelists, mobility grouping on.  Total pages: 257913
[    0.000000] Policy zone: DMA32
[    0.000000] Kernel command line: BOOT_IMAGE=/boot/vmlinuz-4.15.0-204-generic root=LABEL=cloudimg-rootfs ro console=tty1 console=ttyS0
[    0.000000] Memory: 982640K/1048120K available (12300K kernel code, 2477K rwdata, 4324K rodata, 2480K init, 2720K bss, 65480K reserved, 0K cma-reserved)
[    0.000000] SLUB: HWalign=64, Order=0-3, MinObjects=0, CPUs=2, Nodes=1
[    0.000000] ftrace: allocating 39488 entries in 155 pages
[    0.004000] Hierarchical RCU implementation.
[    0.004000] 	RCU restricting CPUs from NR_CPUS=8192 to nr_cpu_ids=2.
[    0.004000] 	Tasks RCU enabled.
[    0.004000] RCU: Adjusting geometry for rcu_fanout_leaf=16, nr_cpu_ids=2
[    0.004000] NR_IRQS: 524544, nr_irqs: 440, preallocated irqs: 16
[    0.004000] random: crng init done
[    0.004000] Console: colour VGA+ 80x25
[    0.004000] console [tty1] enabled
[    0.004000] console [ttyS0] enabled
[    0.004000] ACPI: Core revision 20170831
[    0.004000] ACPI: 2 ACPI AML tables successfully acquired and loaded
[    0.004000] APIC: Switch to symmetric I/O mode setup
[    0.004000] x2apic enabled
[    0.004000] Switched APIC routing to physical x2apic.
[    0.004000] ..TIMER: vector=0x30 apic1=0 pin1=2 apic2=-1 pin2=-1
[    0.004000] tsc: Detected 2096.060 MHz processor
[    0.004000] Calibrating delay loop (skipped) preset value.. 4192.12 BogoMIPS (lpj=8384240)
[    0.004000] pid_max: default: 32768 minimum: 301
[    0.004000] Security Framework initialized
[    0.004000] Yama: becoming mindful.
[    0.004000] AppArmor: AppArmor initialized
[    0.004000] Dentry cache hash table entries: 131072 (order: 8, 1048576 bytes)
[    0.004000] Inode-cache hash table entries: 65536 (order: 7, 524288 bytes)
[    0.004000] Mount-cache hash table entries: 2048 (order: 2, 16384 bytes)
[    0.004000] Mountpoint-cache hash table entries: 2048 (order: 2, 16384 bytes)
[    0.004000] Last level iTLB entries: 4KB 1024, 2MB 1024, 4MB 512
[    0.004000] Last level dTLB entries: 4KB 1536, 2MB 1536, 4MB 768, 1GB 0
[    0.004000] Spectre V1 : Mitigation: usercopy/swapgs barriers and __user pointer sanitization
[    0.004000] Spectre V2 : Mitigation: Retpolines
[    0.004000] Spectre V2 : Spectre v2 / SpectreRSB mitigation: Filling RSB on context switch
[    0.004000] Spectre V2 : Spectre v2 / SpectreRSB : Filling RSB on VMEXIT
[    0.004000] RETBleed: Vulnerable
[    0.004000] Freeing SMP alternatives memory: 36K
[    0.126328] APIC calibration not consistent with PM-Timer: 118ms instead of 100ms
[    0.127762] APIC delta adjusted to PM-Timer: 6311141 (7503395)
[    0.128071] smpboot: CPU0: AMD Ryzen 5 3500U with Radeon Vega Mobile Gfx (family: 0x17, model: 0x18, stepping: 0x1)
[    0.129707] Performance Events: PMU not available due to virtualization, using software events only.
[    0.132076] Hierarchical SRCU implementation.
[    0.134000] NMI watchdog: Perf event create on CPU 0 failed with -2
[    0.135315] NMI watchdog: Perf NMI watchdog permanently disabled
[    0.136000] smp: Bringing up secondary CPUs ...
[    0.136810] x86: Booting SMP configuration:
[    0.137481] .... node  #0, CPUs:      #1
[    0.004000] kvm-clock: cpu 1, msr 0:3ff44041, secondary cpu clock
[    0.140022] smp: Brought up 1 node, 2 CPUs
[    0.140697] smpboot: Max logical packages: 1
[    0.141474] smpboot: Total of 2 processors activated (8384.24 BogoMIPS)
[    0.142839] devtmpfs: initialized
[    0.142839] x86/mm: Memory block size: 128MB
[    0.144161] evm: security.selinux
[    0.144730] evm: security.SMACK64
[    0.145330] evm: security.SMACK64EXEC
[    0.145953] evm: security.SMACK64TRANSMUTE
[    0.146643] evm: security.SMACK64MMAP
[    0.147272] evm: security.apparmor
[    0.148002] evm: security.ima
[    0.148532] evm: security.capability
[    0.149321] clocksource: jiffies: mask: 0xffffffff max_cycles: 0xffffffff, max_idle_ns: 7645041785100000 ns
[    0.149672] futex hash table entries: 512 (order: 3, 32768 bytes)
[    0.152061] pinctrl core: initialized pinctrl subsystem
[    0.152117] RTC time:  6:55:44, date: 03/09/23
[    0.153011] NET: Registered protocol family 16
[    0.153763] audit: initializing netlink subsys (disabled)
[    0.156036] audit: type=2000 audit(1678344949.306:1): state=initialized audit_enabled=0 res=1
[    0.160047] cpuidle: using governor ladder
[    0.161125] cpuidle: using governor menu
[    0.161125] ACPI: bus type PCI registered
[    0.161125] acpiphp: ACPI Hot Plug PCI Controller Driver version: 0.5
[    0.164088] PCI: Using configuration type 1 for base access
[    0.164871] PCI: Using configuration type 1 for extended access
[    0.168097] HugeTLB registered 2.00 MiB page size, pre-allocated 0 pages
[    0.170083] ACPI: Added _OSI(Module Device)
[    0.172004] ACPI: Added _OSI(Processor Device)
[    0.172755] ACPI: Added _OSI(3.0 _SCP Extensions)
[    0.173491] ACPI: Added _OSI(Processor Aggregator Device)
[    0.174398] ACPI: Added _OSI(Linux-Dell-Video)
[    0.175140] ACPI: Added _OSI(Linux-Lenovo-NV-HDMI-Audio)
[    0.176003] ACPI: Added _OSI(Linux-HPI-Hybrid-Graphics)
[    0.177006] ACPI: Executed 1 blocks of module-level executable AML code
[    0.180476] ACPI: Interpreter enabled
[    0.181240] ACPI: (supports S0 S5)
[    0.182002] ACPI: Using IOAPIC for interrupt routing
[    0.183407] PCI: Using host bridge windows from ACPI; if necessary, use "pci=nocrs" and report a bug
[    0.184216] ACPI: Enabled 2 GPEs in block 00 to 07
[    0.192945] ACPI: PCI Root Bridge [PCI0] (domain 0000 [bus 00-ff])
[    0.194135] acpi PNP0A03:00: _OSC: OS supports [ExtendedConfig ASPM ClockPM Segments MSI]
[    0.196687] acpi PNP0A03:00: _OSC: platform does not support [PCIeCapability]
[    0.198295] acpi PNP0A03:00: _OSC: not requesting control; platform does not support [PCIeCapability]
[    0.199863] acpi PNP0A03:00: _OSC: OS requested [PCIeHotplug PME AER PCIeCapability]
[    0.200005] acpi PNP0A03:00: _OSC: platform willing to grant [PCIeHotplug PME AER]
[    0.201737] acpi PNP0A03:00: _OSC failed (AE_SUPPORT); disabling ASPM
[    0.203131] PCI host bridge to bus 0000:00
[    0.204007] pci_bus 0000:00: root bus resource [io  0x0000-0x0cf7 window]
[    0.205056] pci_bus 0000:00: root bus resource [io  0x0d00-0xffff window]
[    0.206080] pci_bus 0000:00: root bus resource [mem 0x000a0000-0x000bffff window]
[    0.207182] pci_bus 0000:00: root bus resource [mem 0x40000000-0xfdffffff window]
[    0.208004] pci_bus 0000:00: root bus resource [bus 00-ff]
[    0.210716] pci 0000:00:01.1: legacy IDE quirk: reg 0x10: [io  0x01f0-0x01f7]
[    0.212010] pci 0000:00:01.1: legacy IDE quirk: reg 0x14: [io  0x03f6]
[    0.214087] pci 0000:00:01.1: legacy IDE quirk: reg 0x18: [io  0x0170-0x0177]
[    0.216004] pci 0000:00:01.1: legacy IDE quirk: reg 0x1c: [io  0x0376]
[    0.239525] pci 0000:00:07.0: quirk: [io  0x4000-0x403f] claimed by PIIX4 ACPI
[    0.240018] pci 0000:00:07.0: quirk: [io  0x4100-0x410f] claimed by PIIX4 SMB
[    0.254488] ACPI: PCI Interrupt Link [LNKA] (IRQs 5 9 10 *11)
[    0.256237] ACPI: PCI Interrupt Link [LNKB] (IRQs 5 9 *10 11)
[    0.257392] ACPI: PCI Interrupt Link [LNKC] (IRQs 5 *9 10 11)
[    0.258460] ACPI: PCI Interrupt Link [LNKD] (IRQs 5 9 10 *11)
[    0.259783] SCSI subsystem initialized
[    0.260052] pci 0000:00:02.0: vgaarb: setting as boot VGA device
[    0.261742] pci 0000:00:02.0: vgaarb: VGA device added: decodes=io+mem,owns=io+mem,locks=none
[    0.264022] pci 0000:00:02.0: vgaarb: bridge control possible
[    0.265374] vgaarb: loaded
[    0.266172] ACPI: bus type USB registered
[    0.268029] usbcore: registered new interface driver usbfs
[    0.268794] usbcore: registered new interface driver hub
[    0.269682] usbcore: registered new device driver usb
[    0.270487] EDAC MC: Ver: 3.0.0
[    0.272055] PCI: Using ACPI for IRQ routing
[    0.272942] NetLabel: Initializing
[    0.273474] NetLabel:  domain hash size = 128
[    0.274092] NetLabel:  protocols = UNLABELED CIPSOv4 CALIPSO
[    0.275057] NetLabel:  unlabeled traffic allowed by default
[    0.276095] clocksource: Switched to clocksource kvm-clock
[    0.302624] VFS: Disk quotas dquot_6.6.0
[    0.303365] VFS: Dquot-cache hash table entries: 512 (order 0, 4096 bytes)
[    0.304516] AppArmor: AppArmor Filesystem Enabled
[    0.305601] pnp: PnP ACPI init
[    0.307449] pnp: PnP ACPI: found 3 devices
[    0.318145] clocksource: acpi_pm: mask: 0xffffff max_cycles: 0xffffff, max_idle_ns: 2085701024 ns
[    0.319614] NET: Registered protocol family 2
[    0.324304] IP idents hash table entries: 16384 (order: 5, 131072 bytes)
[    0.326176] TCP established hash table entries: 8192 (order: 4, 65536 bytes)
[    0.327228] TCP bind hash table entries: 8192 (order: 5, 131072 bytes)
[    0.328281] TCP: Hash tables configured (established 8192 bind 8192)
[    0.329261] UDP hash table entries: 512 (order: 2, 16384 bytes)
[    0.330161] UDP-Lite hash table entries: 512 (order: 2, 16384 bytes)
[    0.331144] NET: Registered protocol family 1
[    0.331845] pci 0000:00:00.0: Limiting direct PCI/PCI transfers
[    0.332766] pci 0000:00:01.0: Activating ISA DMA hang workarounds
[    0.333745] pci 0000:00:02.0: Video device with shadowed ROM at [mem 0x000c0000-0x000dffff]
[    0.335132] Unpacking initramfs...
[    0.739675] Freeing initrd memory: 19532K
[    0.740817] clocksource: tsc: mask: 0xffffffffffffffff max_cycles: 0x1e36a685b69, max_idle_ns: 440795255641 ns
[    0.742513] platform rtc_cmos: registered platform RTC device (no PNP device found)
[    0.743786] Scanning for low memory corruption every 60 seconds
[    0.746291] Initialise system trusted keyrings
[    0.747432] Key type blacklist registered
[    0.748489] workingset: timestamp_bits=36 max_order=18 bucket_order=0
[    0.750668] zbud: loaded
[    0.751694] squashfs: version 4.0 (2009/01/31) Phillip Lougher
[    0.753010] fuse init (API version 7.26)
[    0.759991] Key type asymmetric registered
[    0.760940] Asymmetric key parser 'x509' registered
[    0.761993] Block layer SCSI generic (bsg) driver version 0.4 loaded (major 246)
[    0.763358] io scheduler noop registered
[    0.763996] io scheduler deadline registered
[    0.765361] io scheduler cfq registered (default)
[    0.767299] ACPI: AC Adapter [AC] (on-line)
[    0.768322] input: Power Button as /devices/LNXSYSTM:00/LNXPWRBN:00/input/input0
[    0.769901] ACPI: Power Button [PWRF]
[    0.770601] input: Sleep Button as /devices/LNXSYSTM:00/LNXSLPBN:00/input/input1
[    0.771777] ACPI: Sleep Button [SLPF]
[    0.773346] ACPI: Battery Slot [BAT0] (battery present)
[    0.774321] Serial: 8250/16550 driver, 32 ports, IRQ sharing enabled
[    0.796210] 00:02: ttyS0 at I/O 0x3f8 (irq = 4, base_baud = 115200) is a 16550A
[    0.803641] Linux agpgart interface v0.103
[    0.810918] loop: module loaded
[    0.812087] scsi host0: ata_piix
[    0.812905] scsi host1: ata_piix
[    0.813580] ata1: PATA max UDMA/33 cmd 0x1f0 ctl 0x3f6 bmdma 0xd000 irq 14
[    0.814664] ata2: PATA max UDMA/33 cmd 0x170 ctl 0x376 bmdma 0xd008 irq 15
[    0.815818] tun: Universal TUN/TAP device driver, 1.6
[    0.816842] PPP generic driver version 2.4.2
[    0.817624] ehci_hcd: USB 2.0 'Enhanced' Host Controller (EHCI) Driver
[    0.818629] ehci-pci: EHCI PCI platform driver
[    0.819355] ehci-platform: EHCI generic platform driver
[    0.820177] ohci_hcd: USB 1.1 'Open' Host Controller (OHCI) Driver
[    0.821181] ohci-pci: OHCI PCI platform driver
[    0.821906] ohci-platform: OHCI generic platform driver
[    0.822732] uhci_hcd: USB Universal Host Controller Interface driver
[    0.823789] i8042: PNP: PS/2 Controller [PNP0303:PS2K,PNP0f03:PS2M] at 0x60,0x64 irq 1,12
[    0.825552] serio: i8042 KBD port at 0x60,0x64 irq 1
[    0.826379] serio: i8042 AUX port at 0x60,0x64 irq 12
[    0.827398] mousedev: PS/2 mouse device common for all mice
[    0.828627] input: AT Translated Set 2 keyboard as /devices/platform/i8042/serio0/input/input2
[    0.830260] rtc_cmos rtc_cmos: rtc core: registered rtc_cmos as rtc0
[    0.831189] rtc_cmos rtc_cmos: alarms up to one day, 114 bytes nvram
[    0.832068] i2c /dev entries driver
[    0.832668] device-mapper: uevent: version 1.0.3
[    0.833425] device-mapper: ioctl: 4.37.0-ioctl (2017-09-20) initialised: dm-devel@redhat.com
[    0.834650] ledtrig-cpu: registered to indicate activity on CPUs
[    0.835942] NET: Registered protocol family 10
[    0.839846] Segment Routing with IPv6
[    0.840611] NET: Registered protocol family 17
[    0.841409] Key type dns_resolver registered
[    0.842308] mce: Using 0 MCE banks
[    0.842839] RAS: Correctable Errors collector initialized.
[    0.843621] sched_clock: Marking stable (842279665, 0)->(1057168517, -214888852)
[    0.845147] registered taskstats version 1
[    0.845759] Loading compiled-in X.509 certificates
[    0.848453] Loaded X.509 cert 'Build time autogenerated kernel key: 449f52b446813ee48ad446aa51a5377584e80c28'
[    0.850464] Loaded X.509 cert 'Canonical Ltd. Live Patch Signing: 14df34d1a87cf37625abec039ef2bf521249b969'
[    0.852389] Loaded X.509 cert 'Canonical Ltd. Kernel Module Signing: 88f752e560a1e0737e31163a466ad7b70a850c19'
[    0.853823] blacklist: Loading compiled-in revocation X.509 certificates
[    0.856279] Loaded X.509 cert 'Canonical Ltd. Secure Boot Signing: 61482aa2830d0ab2ad5af10b7250da9033ddcef0'
[    0.858799] Loaded X.509 cert 'Canonical Ltd. Secure Boot Signing (2017): 242ade75ac4a15e50d50c84b0d45ff3eae707a03'
[    0.860549] Loaded X.509 cert 'Canonical Ltd. Secure Boot Signing (ESM 2018): 365188c1d374d6b07c3c8f240f8ef722433d6a8b'
[    0.862106] Loaded X.509 cert 'Canonical Ltd. Secure Boot Signing (2019): c0746fd6c5da3ae827864651ad66ae47fe24b3e8'
[    0.863588] Loaded X.509 cert 'Canonical Ltd. Secure Boot Signing (2021 v1): a8d54bbb3825cfb94fa13c9f8a594a195c107b8d'
[    0.865203] Loaded X.509 cert 'Canonical Ltd. Secure Boot Signing (2021 v2): 4cf046892d6fd3c9a5b03f98d845f90851dc6a8c'
[    0.866676] Loaded X.509 cert 'Canonical Ltd. Secure Boot Signing (2021 v3): 100437bb6de6e469b581e61cd66bce3ef4ed53af'
[    0.868119] Loaded X.509 cert 'Canonical Ltd. Secure Boot Signing (Ubuntu Core 2019): c1d57b8f6b743f23ee41f4f7ee292f06eecadfb9'
[    0.869733] zswap: loaded using pool lzo/zbud
[    0.873500] Key type big_key registered
[    0.874178] Key type trusted registered
[    0.876201] Key type encrypted registered
[    0.876850] AppArmor: AppArmor sha1 policy hashing enabled
[    0.877711] ima: No TPM chip found, activating TPM-bypass! (rc=-19)
[    0.878631] ima: Allocated hash algorithm: sha1
[    0.879319] evm: HMAC attrs: 0x1
[    0.880049]   Magic number: 15:182:923
[    0.880886] rtc_cmos rtc_cmos: setting system clock to 2023-03-09 06:55:45 UTC (1678344945)
[    0.882490] BIOS EDD facility v0.16 2004-Jun-25, 0 devices found
[    0.884246] EDD information not available.
[    1.155871] Freeing unused kernel image memory: 2480K
[    1.164276] Write protecting the kernel read-only data: 20480k
[    1.166334] Freeing unused kernel image memory: 2008K
[    1.167839] Freeing unused kernel image memory: 1820K
[    1.178641] x86/mm: Checked W+X mappings: passed, no W+X pages found.
Loading, please wait...
starting version 237
[    1.268930] Fusion MPT base driver 3.04.20
[    1.279269] Copyright (c) 1999-2008 LSI Corporation
[    1.283359] e1000: Intel(R) PRO/1000 Network Driver - version 7.3.21-k8-NAPI
[    1.285060] e1000: Copyright (c) 1999-2006 Intel Corporation.
[    1.291864] Fusion MPT SPI Host driver 3.04.20
[    1.304247] AVX2 version of gcm_enc/dec engaged.
[    1.306156] AES CTR mode by8 optimization enabled
[    1.505338] input: ImExPS/2 Generic Explorer Mouse as /devices/platform/i8042/serio1/input/input4
[    1.738159] e1000 0000:00:03.0 eth0: (PCI:33MHz:32-bit) 02:4f:75:14:cc:00
[    1.739334] e1000 0000:00:03.0 eth0: Intel(R) PRO/1000 Network Connection
[    1.741285] mptbase: ioc0: Initiating bringup
[    1.857330] ioc0: LSI53C1030 A0: Capabilities={Initiator}
[    2.105905] scsi host2: ioc0: LSI53C1030 A0, FwRev=00000000h, Ports=1, MaxQ=256, IRQ=20
[    2.909376] scsi 2:0:0:0: Direct-Access     VBOX     HARDDISK         1.0  PQ: 0 ANSI: 5
[    2.948092] scsi target2:0:0: Beginning Domain Validation
[    2.951359] scsi target2:0:0: Domain Validation skipping write tests
[    2.953264] scsi target2:0:0: Ending Domain Validation
[    2.955401] scsi target2:0:0: asynchronous
[    2.957697] scsi 2:0:1:0: Direct-Access     VBOX     HARDDISK         1.0  PQ: 0 ANSI: 5
[    3.251489] scsi target2:0:1: Beginning Domain Validation
[    3.257333] scsi target2:0:1: Domain Validation skipping write tests
[    3.259365] scsi target2:0:1: Ending Domain Validation
[    3.261151] scsi target2:0:1: asynchronous
[    3.270523] sd 2:0:0:0: [sda] 83886080 512-byte logical blocks: (42.9 GB/40.0 GiB)
[    3.272276] sd 2:0:0:0: Attached scsi generic sg0 type 0
[    3.273439] sd 2:0:0:0: [sda] Write Protect is off
[    3.274581] sd 2:0:0:0: [sda] Incomplete mode parameter data
[    3.276018] sd 2:0:0:0: [sda] Assuming drive cache: write through
[    3.277831] sd 2:0:1:0: Attached scsi generic sg1 type 0
[    3.281725] sd 2:0:1:0: [sdb] 20480 512-byte logical blocks: (10.5 MB/10.0 MiB)
[    3.281784] e1000 0000:00:08.0 eth1: (PCI:33MHz:32-bit) 08:00:27:6c:3f:69
[    3.284296] e1000 0000:00:08.0 eth1: Intel(R) PRO/1000 Network Connection
[    3.284375] sd 2:0:1:0: [sdb] Write Protect is off
[    3.287025] sd 2:0:1:0: [sdb] Incomplete mode parameter data
[    3.288383] sd 2:0:1:0: [sdb] Assuming drive cache: write through
[    3.298374]  sda: sda1
[    3.300110] sd 2:0:0:0: [sda] Attached SCSI disk
[    3.301490] sd 2:0:1:0: [sdb] Attached SCSI disk
[    3.303536] e1000 0000:00:03.0 enp0s3: renamed from eth0
[    3.336766] e1000 0000:00:08.0 enp0s8: renamed from eth1
Begin: Loading essential drivers ... [    4.796049] raid6: sse2x1   gen()  7331 MB/s
[    4.844070] raid6: sse2x1   xor()  5930 MB/s
[    4.892455] raid6: sse2x2   gen() 12497 MB/s
[    4.940443] raid6: sse2x2   xor()  8174 MB/s
[    4.988543] raid6: sse2x4   gen() 14132 MB/s
[    5.036780] raid6: sse2x4   xor()  7995 MB/s
[    5.084130] raid6: avx2x1   gen() 15786 MB/s
[    5.132508] raid6: avx2x1   xor() 11674 MB/s
[    5.186603] raid6: avx2x2   gen() 19546 MB/s
[    5.232672] raid6: avx2x2   xor()  9458 MB/s
[    5.281171] raid6: avx2x4   gen() 19605 MB/s
[    5.328018] raid6: avx2x4   xor() 11714 MB/s
[    5.328933] raid6: using algorithm avx2x4 gen() 19605 MB/s
[    5.329778] raid6: .... xor() 11714 MB/s, rmw enabled
[    5.330564] raid6: using avx2x2 recovery algorithm
[    5.332890] xor: automatically using best checksumming function   avx       
[    5.335060] async_tx: api initialized (async)
done.
Begin: Running /scripts/init-premount ... done.
Begin: Mounting root file system ... Begin: Running /scripts/local-top ... done.
Begin: Running /scripts/local-premount ... [    5.380831] Btrfs loaded, crc32c=crc32c-intel
Scanning for Btrfs filesystems
done.
Warning: fsck not present, so skipping root file system
[    5.412891] EXT4-fs (sda1): mounted filesystem with ordered data mode. Opts: (null)
done.
Begin: Running /scripts/local-bottom ... done.
Begin: Running /scripts/init-bottom ... done.
[    5.571099] ip_tables: (C) 2000-2006 Netfilter Core Team
[    5.582697] systemd[1]: systemd 237 running in system mode. (+PAM +AUDIT +SELINUX +IMA +APPARMOR +SMACK +SYSVINIT +UTMP +LIBCRYPTSETUP +GCRYPT +GNUTLS +ACL +XZ +LZ4 +SECCOMP +BLKID +ELFUTILS +KMOD -IDN2 +IDN -PCRE2 default-hierarchy=hybrid)
[    5.586113] systemd[1]: Detected virtualization oracle.
[    5.586944] systemd[1]: Detected architecture x86-64.

Welcome to [1mUbuntu 18.04.6 LTS[0m!

[    5.595938] systemd[1]: Set hostname to <ubuntu>.
[    5.598931] systemd[1]: Initializing machine ID from random generator.
[    5.600377] systemd[1]: Installed transient /etc/machine-id file.
[    5.838897] systemd[1]: Set up automount Arbitrary Executable File Formats File System Automount Point.
[[0;32m  OK  [0m] Set up automount Arbitrary Executabâ€¦rmats File System Automount Point.
[    5.841184] systemd[1]: Reached target User and Group Name Lookups.
[[0;32m  OK  [0m] Reached target User and Group Name Lookups.
[    5.842649] systemd[1]: Started Forward Password Requests to Wall Directory Watch.
[[0;32m  OK  [0m] Started Forward Password Requests to Wall Directory Watch.
[    5.845837] systemd[1]: Created slice System Slice.
[[0;32m  OK  [0m] Created slice System Slice.
[[0;32m  OK  [0m] Listening on udev Control Socket.
[[0;32m  OK  [0m] Listening on fsck to fsckd communication Socket.
[[0;32m  OK  [0m] Listening on /dev/initctl Compatibility Named Pipe.
[[0;32m  OK  [0m] Listening on Journal Socket (/dev/log).
[[0;32m  OK  [0m] Listening on LVM2 metadata daemon socket.
[[0;32m  OK  [0m] Listening on LVM2 poll daemon socket.
[[0;32m  OK  [0m] Listening on Journal Socket.
         Mounting POSIX Message Queue File System...
         Starting Load Kernel Modules...
         Starting Uncomplicated firewall...
[[0;32m  OK  [0m] Listening on Network Service Netlink Socket.
         Starting Create list of required stâ€¦ce nodes for the current kernel...
[[0;32m  OK  [0m] Listening on Device-mapper event daemon FIFOs.
         Starting Monitoring of LVM2 mirrorsâ€¦ng dmeventd or progress polling...
[[0;32m  OK  [0m] Created slice system-serial\x2dgetty.slice.
[[0;32m  OK  [0m] Listening on Syslog Socket.
         Mounting Kernel Debug File System...
[[0;32m  OK  [0m] Listening on udev Kernel Socket.
         Starting udev Coldplug all Devices...
[[0;32m  OK  [0m] Reached target System Time Synchronized.
[[0;32m  OK  [0m] Listening on Journal Audit Socket.
         Starting Journal Service...
[[0;32m  OK  [0m] Reached target Mounting snaps.
[[0;32m  OK  [0m] Reached target Mounted snaps.
         Mounting Huge Pages File System...
[[0;32m  OK  [0m] Reached target Swap.
[[0;32m  OK  [0m] Created slice User and Session Slice.
[[0;32m  OK  [0m] Reached target Slices.
         Starting File System Check on Root Device...
[    5.894683] Loading iSCSI transport class v2.0-870.
         Starting Set the console keyboard layout...
[[0;32m  OK  [0m] Mounted POSIX Message Queue File System.
[[0;32m  OK  [0m] Started Uncomplicated firewall.
[[0;32m  OK  [0m] Started Create list of required staâ€¦vice nodes for the current kernel.
[[0;32m  OK  [0m] Mounted Kernel Debug File System.
[    5.903636] iscsi: registered transport (tcp)
[[0;32m  OK  [0m] Mounted Huge Pages File System.
         Starting Create Static Device Nodes in /dev...
[[0;32m  OK  [0m] Started LVM2 metadata daemon.
[[0;32m  OK  [0m] Started Journal Service.
[[0;32m  OK  [0m] Started File System Check Daemon to report status.
[[0;32m  OK  [0m] Started udev Coldplug all Devices.
[[0;32m  OK  [0m] Started Create Static Device Nodes in /dev.
[[0;32m  OK  [0m] Started File System Check on Root Device.
         Starting Remount Root and Kernel File Systems...
[    6.059018] iscsi: registered transport (iser)
[[0;32m  OK  [0m] Started Load Kernel Modules.
         Starting Apply Kernel Variables...
         Mounting FUSE Control File System...
         Mounting Kernel Configuration File System...
[[0;32m  OK  [0m] Mounted FUSE Control File System.
[[0;32m  OK  [0m] Mounted Kernel Configuration File System.
[[0;32m  OK  [0m] Started Remount Root and Kernel File Systems.
         Starting udev Kernel Device Manager...
         Starting Flush Journal to Persistent Storage...
         Starting Load/Save Random Seed...
[[0;32m  OK  [0m] Started Monitoring of LVM2 mirrors,â€¦sing dmeventd or progress polling.
[[0;32m  OK  [0m] Started Apply Kernel Variables.
[[0;32m  OK  [0m] Started Load/Save Random Seed.
[[0;32m  OK  [0m] Started udev Kernel Device Manager.
[[0;32m  OK  [0m] Started Flush Journal to Persistent Storage.
[[0;32m  OK  [0m] Found device /dev/ttyS0.
[[0;32m  OK  [0m] Listening on Load/Save RF Kill Switch Status /dev/rfkill Watch.
         Mounting Arbitrary Executable File Formats File System...
[[0;32m  OK  [0m] Mounted Arbitrary Executable File Formats File System.
[[0;32m  OK  [0m] Started Set the console keyboard layout.
[[0;32m  OK  [0m] Reached target Local File Systems (Pre).
[[0;32m  OK  [0m] Reached target Local File Systems.
         Starting Set console font and keymap...
         Starting Commit a transient machine-id on disk...
         Starting AppArmor initialization...
         Starting Tell Plymouth To Write Out Runtime Data...
         Starting ebtables ruleset management...
         Starting Create Volatile Files and Directories...
[[0;32m  OK  [0m] Started Dispatch Password Requests to Console Directory Watch.
[[0;32m  OK  [0m] Reached target Local Encrypted Volumes.
[[0;32m  OK  [0m] Started Tell Plymouth To Write Out Runtime Data.
[[0;32m  OK  [0m] Started Create Volatile Files and Directories.
         Starting Update UTMP about System Boot/Shutdown...
[[0;32m  OK  [0m] Started Update UTMP about System Boot/Shutdown.
[[0;32m  OK  [0m] Started Commit a transient machine-id on disk.
[[0;32m  OK  [0m] Started ebtables ruleset management.
[[0;32m  OK  [0m] Started AppArmor initialization.
         Starting Load AppArmor profiles managed internally by snapd...
         Starting Initial cloud-init job (pre-networking)...
[[0;32m  OK  [0m] Started Load AppArmor profiles managed internally by snapd.
[[0;32m  OK  [0m] Started Set console font and keymap.
[    9.538764] cloud-init[835]: Cloud-init v. 22.4.2-0ubuntu0~18.04.1 running 'init-local' at Thu, 09 Mar 2023 06:55:53 +0000. Up 9.11 seconds.
[[0;32m  OK  [0m] Started Initial cloud-init job (pre-networking).
[[0;32m  OK  [0m] Reached target Network (Pre).
         Starting Network Service...
[[0;32m  OK  [0m] Started Network Service.
         Starting Network Name Resolution...
         Starting Wait for Network to be Configured...
[[0;32m  OK  [0m] Started Network Name Resolution.
[[0;32m  OK  [0m] Reached target Host and Network Name Lookups.
[[0;32m  OK  [0m] Reached target Network.
[[0;32m  OK  [0m] Started Wait for Network to be Configured.
         Starting Initial cloud-init job (metadata service crawler)...
[   11.818840] cloud-init[989]: Cloud-init v. 22.4.2-0ubuntu0~18.04.1 running 'init' at Thu, 09 Mar 2023 06:55:56 +0000. Up 11.64 seconds.
[   11.820271] cloud-init[989]: ci-info: ++++++++++++++++++++++++++++++++++++++Net device info+++++++++++++++++++++++++++++++++++++++
[   11.821184] cloud-init[989]: ci-info: +--------+-------+----------------------------+---------------+--------+-------------------+
[   11.822500] cloud-init[989]: ci-info: | Device |   Up  |          Address           |      Mask     | Scope  |     Hw-Address    |
[   11.824013] cloud-init[989]: ci-info: +--------+-------+----------------------------+---------------+--------+-------------------+
[   11.825489] cloud-init[989]: ci-info: | enp0s3 |  True |         10.0.2.15          | 255.255.255.0 | global | 02:4f:75:14:cc:00 |
[   11.826953] cloud-init[989]: ci-info: | enp0s3 |  True | fe80::4f:75ff:fe14:cc00/64 |       .       |  link  | 02:4f:75:14:cc:00 |
[   11.828335] cloud-init[989]: ci-info: | enp0s8 | False |             .              |       .       |   .    | 08:00:27:6c:3f:69 |
[   11.829165] cloud-init[989]: ci-info: |   lo   |  True |         127.0.0.1          |   255.0.0.0   |  host  |         .         |
[   11.831073] cloud-init[989]: ci-info: |   lo   |  True |          ::1/128           |       .       |  host  |         .         |
[   11.833102] cloud-init[989]: ci-info: +--------+-------+----------------------------+---------------+--------+-------------------+
[   11.835038] cloud-init[989]: ci-info: ++++++++++++++++++++++++++++Route IPv4 info+++++++++++++++++++++++++++++
[   11.836913] cloud-init[989]: ci-info: +-------+-------------+----------+-----------------+-----------+-------+
[   11.837951] cloud-init[989]: ci-info: | Route | Destination | Gateway  |     Genmask     | Interface | Flags |
[   11.838839] cloud-init[989]: ci-info: +-------+-------------+----------+-----------------+-----------+-------+
[   11.839667] cloud-init[989]: ci-info: |   0   |   0.0.0.0   | 10.0.2.2 |     0.0.0.0     |   enp0s3  |   UG  |
[   11.840582] cloud-init[989]: ci-info: |   1   |   10.0.2.0  | 0.0.0.0  |  255.255.255.0  |   enp0s3  |   U   |
[   11.841537] cloud-init[989]: ci-info: |   2   |   10.0.2.2  | 0.0.0.0  | 255.255.255.255 |   enp0s3  |   UH  |
[   11.842945] cloud-init[989]: ci-info: +-------+-------------+----------+-----------------+-----------+-------+
[   11.844336] cloud-init[989]: ci-info: +++++++++++++++++++Route IPv6 info+++++++++++++++++++
[   11.846021] cloud-init[989]: ci-info: +-------+-------------+---------+-----------+-------+
[   11.847048] cloud-init[989]: ci-info: | Route | Destination | Gateway | Interface | Flags |
[   11.848691] cloud-init[989]: ci-info: +-------+-------------+---------+-----------+-------+
[   11.850159] cloud-init[989]: ci-info: |   1   |  fe80::/64  |    ::   |   enp0s3  |   U   |
[   11.851226] cloud-init[989]: ci-info: |   3   |    local    |    ::   |   enp0s3  |   U   |
[   11.852099] cloud-init[989]: ci-info: |   4   |   ff00::/8  |    ::   |   enp0s3  |   U   |
[   11.852987] cloud-init[989]: ci-info: +-------+-------------+---------+-----------+-------+
[   13.019029] cloud-init[989]: Generating public/private rsa key pair.
[   13.020534] cloud-init[989]: Your identification has been saved in /etc/ssh/ssh_host_rsa_key.
[   13.023508] cloud-init[989]: Your public key has been saved in /etc/ssh/ssh_host_rsa_key.pub.
[   13.025454] cloud-init[989]: The key fingerprint is:
[   13.026517] cloud-init[989]: SHA256:RkOqmY8W/PD+lnvNOzbFXN6gh3wIRR+aQqw7smLGj2g root@ubuntu-bionic
[   13.027860] cloud-init[989]: The key's randomart image is:
[   13.029229] cloud-init[989]: +---[RSA 2048]----+
[   13.030083] cloud-init[989]: |        ..... .  |
[   13.041293] cloud-init[989]: |       o .. .+ . |
[   13.043974] cloud-init[989]: |      . o...o .  |
[   13.045169] cloud-init[989]: |   . + .....  . .|
[   13.046133] cloud-init[989]: |    B   S. o * +.|
[   13.047053] cloud-init[989]: |     B..o   = * o|
[   13.047810] cloud-init[989]: |   .o +o o o +   |
[   13.061832] cloud-init[989]: |  Eo=o. o . *    |
[   13.062538] cloud-init[989]: | ..o.ooooo ..+   |
[   13.063214] cloud-init[989]: +----[SHA256]-----+
[   13.063879] cloud-init[989]: Generating public/private dsa key pair.
[   13.064670] cloud-init[989]: Your identification has been saved in /etc/ssh/ssh_host_dsa_key.
[   13.065969] cloud-init[989]: Your public key has been saved in /etc/ssh/ssh_host_dsa_key.pub.
[   13.067696] cloud-init[989]: The key fingerprint is:
[   13.068880] cloud-init[989]: SHA256:Y4y9d7FnRp2VCNj1nLFqLMJJym7Ow+yczxG/RJmuW7Y root@ubuntu-bionic
[   13.070471] cloud-init[989]: The key's randomart image is:
[   13.071384] cloud-init[989]: +---[DSA 1024]----+
[   13.072323] cloud-init[989]: |          o... . |
[   13.072993] cloud-init[989]: |         . .. + =|
[   13.073627] cloud-init[989]: |         .   . *.|
[   13.074585] cloud-init[989]: |      .++ . + ..o|
[   13.075504] cloud-init[989]: |      .oS= =.+...|
[   13.076188] cloud-init[989]: |      .. o* o+   |
[   13.077028] cloud-init[989]: |      oo...*o +  |
[   13.077668] cloud-init[989]: |      =+o.*.o+   |
[   13.078152] cloud-init[989]: |      .*o=.E     |
[   13.078759] cloud-init[989]: +----[SHA256]-----+
[   13.079364] cloud-init[989]: Generating public/private ecdsa key pair.
[   13.080084] cloud-init[989]: Your identification has been saved in /etc/ssh/ssh_host_ecdsa_key.
[   13.081037] cloud-init[989]: Your public key has been saved in /etc/ssh/ssh_host_ecdsa_key.pub.
[   13.082211] cloud-init[989]: The key fingerprint is:
[   13.083037] cloud-init[989]: SHA256:rBEM8X+T/rfGW76rHdvUhBn66izfCASOWX0mckf9eD4 root@ubuntu-bionic
[   13.084220] cloud-init[989]: The key's randomart image is:
[   13.085117] cloud-init[989]: +---[ECDSA 256]---+
[   13.085810] cloud-init[989]: |    o.      ..   |
[   13.086561] cloud-init[989]: |     +   . .  .  |
[   13.087297] cloud-init[989]: |      + + + + .o |
[   13.087998] cloud-init[989]: |       O + * ..+o|
[   13.088814] cloud-init[989]: |      + S = . oo.|
[   13.089592] cloud-init[989]: |       o + . . Eo|
[   13.090393] cloud-init[989]: |      .   o  ...=|
[   13.091237] cloud-init[989]: |          .+ +=++|
[   13.092099] cloud-init[989]: |           +B+=B=|
[   13.093181] cloud-init[989]: +----[SHA256]-----+
[   13.094092] cloud-init[989]: Generating public/private ed25519 key pair.
[   13.095183] cloud-init[989]: [[0;32m  OK  [0m] Started Initial cloud-init job (metadata service crawler).
[[0;32m  OK  [0m] Reached target Network is Online.
[[0;32m  OK  [0m] Reached target Remote File Systems (Pre).
[[0;32m  OK  [0m] Reached target Remote File Systems.
Your identification has been saved in /etc/ssh/ssh_host_ed25519_key.         Starting Availability of block devices...
[[0;32m  OK  [0m] Reached target System Initialization.
[[0;32m  OK  [0m] Started Daily Cleanup of Temporary Directories.
[[0;32m  OK  [0m] Listening on ACPID Listen Socket.
[[0;32m  OK  [0m] Listening on D-Bus System Message Bus Socket.

         Starting LXD - unix socket.
[[0;32m  OK  [0m] Started Message of the Day.
         Starting Socket activation for snappy daemon.
[[0;32m  OK  [0m] Started Discard unused blocks once a week.
[[0;32m  OK  [0m] Listening on UUID daemon activation socket.
[[0;32m  OK  [0m] Started Daily apt download activities.
[[0;32m  OK  [0m] Started Daily apt upgrade and clean activities.
[[0;32m  OK  [0m] Started Ubuntu Advantage Timer for running repeated jobs.
[[0;32m  OK  [0m] Reached target Timers.
[[0;32m  OK  [0m] Listening on Open-iSCSI iscsid Socket.
[   13.108573] cloud-init[989]: Your public key has been saved in /etc/ssh/ssh_host_ed25519_key.pub.
[   13.113019] cloud-init[[0;32m  OK  [0m] Started ACPI Events Check.
[[0;32m  OK  [0m] Reached target Paths.
[[0;32m  OK  [0m] Listening on cloud-init hotplug hook socket.
[[0;32m  OK  [0m] Reached target Cloud-config availability.
[989]: [[0;32m  OK  [0m] Listening on Socket activation for snappy daemon.
The key fingerprint is:
[   13.117076] cloud-init[[0;32m  OK  [0m] Listening on LXD - unix socket.
[[0;32m  OK  [0m] Reached target Sockets.
[[0;32m  OK  [0m] Reached target Basic System.
[989]: SHA256:NnWkYCuVBb7MTES3uM9ttnLCdGHiTD1AwEi9ROv2CYw root@ubuntu-bionic
         Starting Pollinate to seed the pseudo random number generator...
[   13.122511] cloud-init[989]: The key's randomart image is:
         Starting Virtualbox guest utils...
[[0;32m  OK  [0m] Started D-Bus System Message Bus.
[   13.128828] cloud-init[989]: +--[ED25519 256]--+
[   13.130136] cloud-init[989]: |     ..*X*+ .    |
[   13.131037] cloud-init[989]: |      .==*.+     |
[   13.131969] cloud-init[989]: |      ..*.+o.    |
[   13.132868] cloud-init[989]: |       X.+o.=    |
[   13.133939] cloud-init[989]: |      E S+ o o   |
[   13.135124] cloud-init[989]: |       o *+o.    |
[   13.135681] cloud-init[989]: |         o=.+    |
[   13.136781] cloud-init[989]: |          +o..   |
[   13.143730] cloud-init[989]: |           +.    |
[   13.144745] cloud-init[989]: +----[SHA256]-----+
         Starting Login Service...
[[0;32m  OK  [0m] Started Regular background program processing daemon.
         Starting System Logging Service...
[[0;32m  OK  [0m] Started irqbalance daemon.
         Starting Permit User Sessions...
         Starting Snap Daemon...
[[0;32m  OK  [0m] Reached target Login Prompts (Pre).
         Starting LSB: Record successful boot for GRUB...
         Starting Accounts Service...
[[0;32m  OK  [0m] Started FUSE filesystem for LXC.
         Starting LSB: automatic crash report generation...
         Starting Dispatcher daemon for systemd-networkd...
[[0;32m  OK  [0m] Started Deferred execution scheduler.
         Starting LXD - container startup/shutdown...
[[0;32m  OK  [0m] Started System Logging Service.
[[0;32m  OK  [0m] Started Availability of block devices.
[[0;32m  OK  [0m] Started Permit User Sessions.
[[0;32m  OK  [0m] Started Login Service.
[[0;32m  OK  [0m] Started Unattended Upgrades Shutdown.
         Starting Hold until boot process finishes up...
         Starting Terminate Plymouth Boot Screen...
[[0;32m  OK  [0m] Started Hold until boot process finishes up.
         Starting Set console scheme...
[[0;32m  OK  [0m] Started Serial Getty on ttyS0.
[[0;32m  OK  [0m] Started Terminate Plymouth Boot Screen.
[[0;32m  OK  [0m] Started Set console scheme.
[[0;32m  OK  [0m] Created slice system-getty.slice.
[[0;32m  OK  [0m] Started Getty on tty1.
[[0;32m  OK  [0m] Reached target Login Prompts.
[[0;32m  OK  [0m] Started LSB: automatic crash report generation.
         Starting Authorization Manager...
[[0;32m  OK  [0m] Started LSB: Record successful boot for GRUB.
[[0;32m  OK  [0m] Started Authorization Manager.
[[0;32m  OK  [0m] Started Accounts Service.
[[0;32m  OK  [0m] Started LXD - container startup/shutdown.
[[0;32m  OK  [0m] Started Virtualbox guest utils.
[[0;32m  OK  [0m] Started Dispatcher daemon for systemd-networkd.
[[0;32m  OK  [0m] Started Snap Daemon.
         Starting Wait until snapd is fully seeded...
         Starting Time & Date Service...
[[0;32m  OK  [0m] Started Time & Date Service.
[[0;32m  OK  [0m] Started Pollinate to seed the pseudo random number generator.
         Starting OpenBSD Secure Shell server...
[[0;32m  OK  [0m] Started OpenBSD Secure Shell server.
[[0;32m  OK  [0m] Created slice User Slice of vagrant.
         Starting User Manager for UID 1000...
[[0;32m  OK  [0m] Started Session 1 of user vagrant.
[[0;32m  OK  [0m] Started User Manager for UID 1000.
[[0;32m  OK  [0m] Started Wait until snapd is fully seeded.
         Starting Apply the settings specified in cloud-config...
[   19.451174] cloud-init[1675]: Cloud-init v. 22.4.2-0ubuntu0~18.04.1 running 'modules:config' at Thu, 09 Mar 2023 06:56:03 +0000. Up 18.89 seconds.

Ubuntu 18.04.6 LTS ubuntu-bionic ttyS0

ubuntu-bionic login: ci-info: no authorized SSH keys fingerprints found for user ubuntu.
<14>Mar  9 06:56:04 cloud-init: #############################################################
<14>Mar  9 06:56:04 cloud-init: -----BEGIN SSH HOST KEY FINGERPRINTS-----
<14>Mar  9 06:56:04 cloud-init: 1024 SHA256:Y4y9d7FnRp2VCNj1nLFqLMJJym7Ow+yczxG/RJmuW7Y root@ubuntu-bionic (DSA)
<14>Mar  9 06:56:04 cloud-init: 256 SHA256:rBEM8X+T/rfGW76rHdvUhBn66izfCASOWX0mckf9eD4 root@ubuntu-bionic (ECDSA)
<14>Mar  9 06:56:04 cloud-init: 256 SHA256:NnWkYCuVBb7MTES3uM9ttnLCdGHiTD1AwEi9ROv2CYw root@ubuntu-bionic (ED25519)
<14>Mar  9 06:56:04 cloud-init: 2048 SHA256:RkOqmY8W/PD+lnvNOzbFXN6gh3wIRR+aQqw7smLGj2g root@ubuntu-bionic (RSA)
<14>Mar  9 06:56:04 cloud-init: -----END SSH HOST KEY FINGERPRINTS-----
<14>Mar  9 06:56:04 cloud-init: #############################################################
-----BEGIN SSH HOST KEY KEYS-----
ecdsa-sha2-nistp256 AAAAE2VjZHNhLXNoYTItbmlzdHAyNTYAAAAIbmlzdHAyNTYAAABBBEQUkA1Ne555oNeoDID4IQnHS6QgETQ4X7nn7TpbTXm9RHM+VeAa169QTiwbutPQkEc6rN8FrqHfyHzkMZ67XB4= root@ubuntu-bionic
ssh-ed25519 AAAAC3NzaC1lZDI1NTE5AAAAIMOtX9A5gdaLenJxUfogIoF41IpU2mktzM3gKf2UZ4dp root@ubuntu-bionic
ssh-rsa AAAAB3NzaC1yc2EAAAADAQABAAABAQC3AqJXOVG//q1V1Lv2LAe5FRP6soqsUZaVCez5PnEuRhb8+bO7BS03ujMR8CadWnY6J1ujTlnbrM8py7CkL6VXqfeykDEseICUWH3HZFzZrMKpt7KJkJDIRwWgnkzBJBvGpVkjUL79QW3kebcVhzKnoMT/Tg/LlAAo5id99IMyBCNc/+IhxyKmLV5OdhXTplHJpS38GRw3TJslTmf77gr8z1bGDmmu910TDhd0NOtjkpHmrwEh9C3n3+Wc9QeHxq/rQ7uT/qslKOG2cHJByOdJwmCQMv4Qa3rgHNN302eKU9GCJRiAzwW0oh7S7B49UX+7DZe7hTmijak/VHOZKLpX root@ubuntu-bionic
-----END SSH HOST KEY KEYS-----
[   20.321691] cloud-init[1844]: Cloud-init v. 22.4.2-0ubuntu0~18.04.1 running 'modules:final' at Thu, 09 Mar 2023 06:56:04 +0000. Up 20.12 seconds.
[   20.323679] cloud-init[1844]: Cloud-init v. 22.4.2-0ubuntu0~18.04.1 finished at Thu, 09 Mar 2023 06:56:04 +0000. Datasource DataSourceNoCloud [seed=/dev/sdb][dsmode=net].  Up 20.31 seconds
